00:00 +0: loading C:/Users/GENIUS ELECTRONICS/IdeaProjects/yansnet/test/feature_verification_test.dart
00:00 +0 -1: loading C:/Users/GENIUS ELECTRONICS/IdeaProjects/yansnet/test/feature_verification_test.dart [E]
  Failed to load "C:/Users/GENIUS ELECTRONICS/IdeaProjects/yansnet/test/feature_verification_test.dart":
  Compilation failed for testPath=C:/Users/GENIUS ELECTRONICS/IdeaProjects/yansnet/test/feature_verification_test.dart: test/feature_verification_test.dart:135:49: Error: No named parameter with the name 'lastMessageAt'.
           Conversation(id: 1, lastMessage: 'Hi', lastMessageAt: DateTime.now(), participants: [
                                                  ^^^^^^^^^^^^^
  lib/features/chat/domain/entities/conversation_entity.dart:10:3: Context: Found this candidate, but the arguments don't match.
    Conversation({
    ^^^^^^^^^^^^
  .
00:00 +0 -1: Some tests failed.
